--------- beginning of main
08-14 21:33:08.524 30963 31065 D PipelineWatcher: onInputBufferReleased: frameIndex not found (4259); ignored
08-14 21:33:08.557 30963 31065 D PipelineWatcher: onInputBufferReleased: frameIndex not found (4260); ignored
08-14 21:33:08.591 30963 31065 D PipelineWatcher: onInputBufferReleased: frameIndex not found (4261); ignored
08-14 21:33:08.653 30963 31065 D PipelineWatcher: onInputBufferReleased: frameIndex not found (4263); ignored
08-14 21:33:08.727 30963 31065 D PipelineWatcher: onInputBufferReleased: frameIndex not found (4265); ignored
08-14 21:33:08.756 30963 31065 D PipelineWatcher: onInputBufferReleased: frameIndex not found (4266); ignored
08-14 21:33:08.792 30963 31065 D PipelineWatcher: onInputBufferReleased: frameIndex not found (4267); ignored
08-14 21:33:08.824 30963 31065 D PipelineWatcher: onInputBufferReleased: frameIndex not found (4268); ignored
08-14 21:33:08.860 30963 31065 D PipelineWatcher: onInputBufferReleased: frameIndex not found (4269); ignored
08-14 21:33:08.889 30963 31065 D PipelineWatcher: onInputBufferReleased: frameIndex not found (4270); ignored
08-14 21:33:08.924 30963 31065 D PipelineWatcher: onInputBufferReleased: frameIndex not found (4271); ignored
08-14 21:33:08.957 30963 31065 D PipelineWatcher: onInputBufferReleased: frameIndex not found (4272); ignored
08-14 21:33:08.986 30963 31065 D PipelineWatcher: onInputBufferReleased: frameIndex not found (4273); ignored
08-14 21:33:09.017 30963 31065 D PipelineWatcher: onInputBufferReleased: frameIndex not found (4274); ignored
08-14 21:33:09.051 30963 31065 D PipelineWatcher: onInputBufferReleased: frameIndex not found (4275); ignored
08-14 21:33:09.088 30963 31065 D PipelineWatcher: onInputBufferReleased: frameIndex not found (4276); ignored
08-14 21:33:09.123 30963 31065 D PipelineWatcher: onInputBufferReleased: frameIndex not found (4277); ignored
08-14 21:33:09.152 30963 31065 D PipelineWatcher: onInputBufferReleased: frameIndex not found (4278); ignored
08-14 21:33:09.168 30963 30963 I View    : RoundedCornerOffset Pair{0 0}
08-14 21:33:09.190 30963 31065 D PipelineWatcher: onInputBufferReleased: frameIndex not found (4279); ignored
08-14 21:33:09.227 30963 31065 D PipelineWatcher: onInputBufferReleased: frameIndex not found (4280); ignored
08-14 21:33:09.257 30963 31065 D PipelineWatcher: onInputBufferReleased: frameIndex not found (4281); ignored
08-14 21:33:09.319 30963 31065 D PipelineWatcher: onInputBufferReleased: frameIndex not found (4283); ignored
08-14 21:33:09.350 30963 31065 D PipelineWatcher: onInputBufferReleased: frameIndex not found (4284); ignored
08-14 21:33:09.390 30963 31065 D PipelineWatcher: onInputBufferReleased: frameIndex not found (4285); ignored
08-14 21:33:09.404 30963 30963 I View    : RoundedCornerOffset Pair{0 0}
08-14 21:33:09.419 30963 31065 D PipelineWatcher: onInputBufferReleased: frameIndex not found (4286); ignored
08-14 21:33:09.451 30963 31065 D PipelineWatcher: onInputBufferReleased: frameIndex not found (4287); ignored
08-14 21:33:09.486 30963 31065 D PipelineWatcher: onInputBufferReleased: frameIndex not found (4288); ignored
08-14 21:33:09.524 30963 31065 D PipelineWatcher: onInputBufferReleased: frameIndex not found (4289); ignored
08-14 21:33:09.557 30963 31065 D PipelineWatcher: onInputBufferReleased: frameIndex not found (4290); ignored
08-14 21:33:09.592 30963 31065 D PipelineWatcher: onInputBufferReleased: frameIndex not found (4291); ignored
08-14 21:33:09.624 30963 31065 D PipelineWatcher: onInputBufferReleased: frameIndex not found (4292); ignored
08-14 21:33:09.657 30963 31065 D PipelineWatcher: onInputBufferReleased: frameIndex not found (4293); ignored
08-14 21:33:09.724 30963 31065 D PipelineWatcher: onInputBufferReleased: frameIndex not found (4295); ignored
08-14 21:33:09.823 30963 31065 D PipelineWatcher: onInputBufferReleased: frameIndex not found (4298); ignored
08-14 21:33:09.858 30963 31065 D PipelineWatcher: onInputBufferReleased: frameIndex not found (4299); ignored
08-14 21:33:09.887 30963 31065 D PipelineWatcher: onInputBufferReleased: frameIndex not found (4300); ignored
08-14 21:33:09.924 30963 31065 D PipelineWatcher: onInputBufferReleased: frameIndex not found (4301); ignored
08-14 21:33:09.956 30963 31065 D PipelineWatcher: onInputBufferReleased: frameIndex not found (4302); ignored
08-14 21:33:10.056 30963 31065 D PipelineWatcher: onInputBufferReleased: frameIndex not found (4305); ignored
08-14 21:33:10.100 30963 31065 D PipelineWatcher: onInputBufferReleased: frameIndex not found (4306); ignored
08-14 21:33:10.125 30963 31065 D PipelineWatcher: onInputBufferReleased: frameIndex not found (4307); ignored
08-14 21:33:10.162 30963 31065 D PipelineWatcher: onInputBufferReleased: frameIndex not found (4308); ignored
08-14 21:33:10.189 30963 31065 D PipelineWatcher: onInputBufferReleased: frameIndex not found (4309); ignored
08-14 21:33:10.256 30963 31065 D PipelineWatcher: onInputBufferReleased: frameIndex not found (4311); ignored
08-14 21:33:10.289 30963 31065 D PipelineWatcher: onInputBufferReleased: frameIndex not found (4312); ignored
08-14 21:33:10.358 30963 31065 D PipelineWatcher: onInputBufferReleased: frameIndex not found (4314); ignored
08-14 21:33:10.396 30963 31065 D PipelineWatcher: onInputBufferReleased: frameIndex not found (4315); ignored
08-14 21:33:10.408 30963 30963 I View    : RoundedCornerOffset Pair{0 0}
08-14 21:33:10.430 30963 31065 D PipelineWatcher: onInputBufferReleased: frameIndex not found (4316); ignored
08-14 21:33:10.460 30963 31065 D PipelineWatcher: onInputBufferReleased: frameIndex not found (4317); ignored
08-14 21:33:10.492 30963 31065 D PipelineWatcher: onInputBufferReleased: frameIndex not found (4318); ignored
08-14 21:33:10.554 30963 31065 D PipelineWatcher: onInputBufferReleased: frameIndex not found (4320); ignored
08-14 21:33:10.592 30963 31065 D PipelineWatcher: onInputBufferReleased: frameIndex not found (4321); ignored
08-14 21:33:10.620 30963 31065 D PipelineWatcher: onInputBufferReleased: frameIndex not found (4322); ignored
08-14 21:33:10.692 30963 31065 D PipelineWatcher: onInputBufferReleased: frameIndex not found (4324); ignored
08-14 21:33:10.724 30963 31065 D PipelineWatcher: onInputBufferReleased: frameIndex not found (4325); ignored
08-14 21:33:10.791 30963 31065 D PipelineWatcher: onInputBufferReleased: frameIndex not found (4327); ignored
08-14 21:33:10.825 30963 31065 D PipelineWatcher: onInputBufferReleased: frameIndex not found (4328); ignored
08-14 21:33:10.853 30963 31065 D PipelineWatcher: onInputBufferReleased: frameIndex not found (4329); ignored
08-14 21:33:10.890 30963 31065 D PipelineWatcher: onInputBufferReleased: frameIndex not found (4330); ignored
08-14 21:33:10.932 30963 31065 D PipelineWatcher: onInputBufferReleased: frameIndex not found (4331); ignored
08-14 21:33:10.962 30963 31065 D PipelineWatcher: onInputBufferReleased: frameIndex not found (4332); ignored
08-14 21:33:10.994 30963 31065 D PipelineWatcher: onInputBufferReleased: frameIndex not found (4333); ignored
08-14 21:33:11.028 30963 31065 D PipelineWatcher: onInputBufferReleased: frameIndex not found (4334); ignored
08-14 21:33:11.060 30963 31065 D PipelineWatcher: onInputBufferReleased: frameIndex not found (4335); ignored
08-14 21:33:11.092 30963 31065 D PipelineWatcher: onInputBufferReleased: frameIndex not found (4336); ignored
08-14 21:33:11.124 30963 31065 D PipelineWatcher: onInputBufferReleased: frameIndex not found (4337); ignored
08-14 21:33:11.160 30963 31065 D PipelineWatcher: onInputBufferReleased: frameIndex not found (4338); ignored
08-14 21:33:11.168 30963 30963 I View    : RoundedCornerOffset Pair{0 0}
08-14 21:33:11.231 30963 31065 D PipelineWatcher: onInputBufferReleased: frameIndex not found (4340); ignored
08-14 21:33:11.260 30963 31065 D PipelineWatcher: onInputBufferReleased: frameIndex not found (4341); ignored
08-14 21:33:11.292 30963 31065 D PipelineWatcher: onInputBufferReleased: frameIndex not found (4342); ignored
08-14 21:33:11.325 30963 31065 D PipelineWatcher: onInputBufferReleased: frameIndex not found (4343); ignored
08-14 21:33:11.361 30963 31065 D PipelineWatcher: onInputBufferReleased: frameIndex not found (4344); ignored
08-14 21:33:11.390 30963 31065 D PipelineWatcher: onInputBufferReleased: frameIndex not found (4345); ignored
08-14 21:33:11.406 30963 30963 I View    : RoundedCornerOffset Pair{0 0}
08-14 21:33:11.424 30963 31065 D PipelineWatcher: onInputBufferReleased: frameIndex not found (4346); ignored
08-14 21:33:11.464 30963 31065 D PipelineWatcher: onInputBufferReleased: frameIndex not found (4347); ignored
08-14 21:33:11.494 30963 31065 D PipelineWatcher: onInputBufferReleased: frameIndex not found (4348); ignored
08-14 21:33:11.527 30963 31065 D PipelineWatcher: onInputBufferReleased: frameIndex not found (4349); ignored
08-14 21:33:11.556 30963 31065 D PipelineWatcher: onInputBufferReleased: frameIndex not found (4350); ignored
08-14 21:33:11.591 30963 31065 D PipelineWatcher: onInputBufferReleased: frameIndex not found (4351); ignored
08-14 21:33:11.624 30963 31065 D PipelineWatcher: onInputBufferReleased: frameIndex not found (4352); ignored
08-14 21:33:11.658 30963 31065 D PipelineWatcher: onInputBufferReleased: frameIndex not found (4353); ignored
08-14 21:33:11.688 30963 31065 D PipelineWatcher: onInputBufferReleased: frameIndex not found (4354); ignored
08-14 21:33:11.720 30963 31065 D PipelineWatcher: onInputBufferReleased: frameIndex not found (4355); ignored
08-14 21:33:11.769 30963 31065 D PipelineWatcher: onInputBufferReleased: frameIndex not found (4356); ignored
08-14 21:33:11.799 30963 31065 D PipelineWatcher: onInputBufferReleased: frameIndex not found (4357); ignored
08-14 21:33:11.835 30963 31065 D PipelineWatcher: onInputBufferReleased: frameIndex not found (4358); ignored
08-14 21:33:11.864 30963 31065 D PipelineWatcher: onInputBufferReleased: frameIndex not found (4359); ignored
08-14 21:33:11.898 30963 31065 D PipelineWatcher: onInputBufferReleased: frameIndex not found (4360); ignored
08-14 21:33:11.929 30963 31065 D PipelineWatcher: onInputBufferReleased: frameIndex not found (4361); ignored
08-14 21:33:11.963 30963 31065 D PipelineWatcher: onInputBufferReleased: frameIndex not found (4362); ignored
08-14 21:33:11.998 30963 31065 D PipelineWatcher: onInputBufferReleased: frameIndex not found (4363); ignored
08-14 21:33:12.027 30963 31065 D PipelineWatcher: onInputBufferReleased: frameIndex not found (4364); ignored
08-14 21:33:12.065 30963 31065 D PipelineWatcher: onInputBufferReleased: frameIndex not found (4365); ignored
08-14 21:33:12.097 30963 31065 D PipelineWatcher: onInputBufferReleased: frameIndex not found (4366); ignored
08-14 21:33:12.132 30963 31065 D PipelineWatcher: onInputBufferReleased: frameIndex not found (4367); ignored
08-14 21:33:12.164 30963 31065 D PipelineWatcher: onInputBufferReleased: frameIndex not found (4368); ignored
08-14 21:33:12.196 30963 31065 D PipelineWatcher: onInputBufferReleased: frameIndex not found (4369); ignored
08-14 21:33:12.229 30963 31065 D PipelineWatcher: onInputBufferReleased: frameIndex not found (4370); ignored
08-14 21:33:12.265 30963 31065 D PipelineWatcher: onInputBufferReleased: frameIndex not found (4371); ignored
08-14 21:33:12.302 30963 31065 D PipelineWatcher: onInputBufferReleased: frameIndex not found (4372); ignored
08-14 21:33:12.330 30963 31065 D PipelineWatcher: onInputBufferReleased: frameIndex not found (4373); ignored
08-14 21:33:12.368 30963 31065 D PipelineWatcher: onInputBufferReleased: frameIndex not found (4374); ignored
08-14 21:33:12.396 30963 31065 D PipelineWatcher: onInputBufferReleased: frameIndex not found (4375); ignored
08-14 21:33:12.404 30963 30963 I View    : RoundedCornerOffset Pair{0 0}
08-14 21:33:12.431 30963 31065 D PipelineWatcher: onInputBufferReleased: frameIndex not found (4376); ignored
08-14 21:33:12.464 30963 31065 D PipelineWatcher: onInputBufferReleased: frameIndex not found (4377); ignored
08-14 21:33:12.497 30963 31061 D BufferPoolAccessor2.0: bufferpool2 0x6ef9cfbf08 : 5(35520 size) total buffers - 4(28416 size) used buffers - 6331/6336 (recycle/alloc) - 24/12663 (fetch/transfer)
08-14 21:33:12.502 30963 31065 D PipelineWatcher: onInputBufferReleased: frameIndex not found (4378); ignored
08-14 21:33:12.530 30963 31065 D PipelineWatcher: onInputBufferReleased: frameIndex not found (4379); ignored
08-14 21:33:12.566 30963 31065 D PipelineWatcher: onInputBufferReleased: frameIndex not found (4380); ignored
08-14 21:33:12.596 30963 31065 D PipelineWatcher: onInputBufferReleased: frameIndex not found (4381); ignored
08-14 21:33:12.628 30963 31065 D PipelineWatcher: onInputBufferReleased: frameIndex not found (4382); ignored
08-14 21:33:12.668 30963 31065 D PipelineWatcher: onInputBufferReleased: frameIndex not found (4383); ignored
08-14 21:33:12.696 30963 31065 D PipelineWatcher: onInputBufferReleased: frameIndex not found (4384); ignored
08-14 21:33:12.728 30963 31065 D PipelineWatcher: onInputBufferReleased: frameIndex not found (4385); ignored
08-14 21:33:12.758 30963 31065 D PipelineWatcher: onInputBufferReleased: frameIndex not found (4386); ignored
08-14 21:33:12.796 30963 31065 D PipelineWatcher: onInputBufferReleased: frameIndex not found (4387); ignored
08-14 21:33:12.835 30963 31065 D PipelineWatcher: onInputBufferReleased: frameIndex not found (4388); ignored
08-14 21:33:12.864 30963 31065 D PipelineWatcher: onInputBufferReleased: frameIndex not found (4389); ignored
08-14 21:33:12.902 30963 31065 D PipelineWatcher: onInputBufferReleased: frameIndex not found (4390); ignored
08-14 21:33:12.932 30963 31065 D PipelineWatcher: onInputBufferReleased: frameIndex not found (4391); ignored
08-14 21:33:12.968 30963 31065 D PipelineWatcher: onInputBufferReleased: frameIndex not found (4392); ignored
08-14 21:33:12.996 30963 31065 D PipelineWatcher: onInputBufferReleased: frameIndex not found (4393); ignored
08-14 21:33:13.034 30963 31065 D PipelineWatcher: onInputBufferReleased: frameIndex not found (4394); ignored
08-14 21:33:13.064 30963 31065 D PipelineWatcher: onInputBufferReleased: frameIndex not found (4395); ignored
08-14 21:33:13.102 30963 31065 D PipelineWatcher: onInputBufferReleased: frameIndex not found (4396); ignored
08-14 21:33:13.133 30963 31065 D PipelineWatcher: onInputBufferReleased: frameIndex not found (4397); ignored
08-14 21:33:13.153 30963 30963 I View    : RoundedCornerOffset Pair{0 0}
08-14 21:33:13.177 30963 31065 D PipelineWatcher: onInputBufferReleased: frameIndex not found (4398); ignored
08-14 21:33:13.199 30963 31065 D PipelineWatcher: onInputBufferReleased: frameIndex not found (4399); ignored
08-14 21:33:13.232 30963 31065 D PipelineWatcher: onInputBufferReleased: frameIndex not found (4400); ignored
08-14 21:33:13.268 30963 31065 D PipelineWatcher: onInputBufferReleased: frameIndex not found (4401); ignored
08-14 21:33:13.298 30963 31065 D PipelineWatcher: onInputBufferReleased: frameIndex not found (4402); ignored
08-14 21:33:13.335 30963 31065 D PipelineWatcher: onInputBufferReleased: frameIndex not found (4403); ignored
08-14 21:33:13.365 30963 31065 D PipelineWatcher: onInputBufferReleased: frameIndex not found (4404); ignored
08-14 21:33:13.400 30963 31065 D PipelineWatcher: onInputBufferReleased: frameIndex not found (4405); ignored
08-14 21:33:13.403 30963 30963 I View    : RoundedCornerOffset Pair{0 0}
08-14 21:33:13.435 30963 31065 D PipelineWatcher: onInputBufferReleased: frameIndex not found (4406); ignored
08-14 21:33:13.468 30963 31065 D PipelineWatcher: onInputBufferReleased: frameIndex not found (4407); ignored
08-14 21:33:13.506 30963 31065 D PipelineWatcher: onInputBufferReleased: frameIndex not found (4408); ignored
08-14 21:33:13.539 30963 31065 D PipelineWatcher: onInputBufferReleased: frameIndex not found (4409); ignored
08-14 21:33:13.569 30963 31065 D PipelineWatcher: onInputBufferReleased: frameIndex not found (4410); ignored
08-14 21:33:13.598 30963 31065 D PipelineWatcher: onInputBufferReleased: frameIndex not found (4411); ignored
08-14 21:33:13.673 30963 31065 D PipelineWatcher: onInputBufferReleased: frameIndex not found (4413); ignored
08-14 21:33:13.700 30963 31065 D PipelineWatcher: onInputBufferReleased: frameIndex not found (4414); ignored
08-14 21:33:13.735 30963 31065 D PipelineWatcher: onInputBufferReleased: frameIndex not found (4415); ignored
08-14 21:33:13.771 30963 31065 D PipelineWatcher: onInputBufferReleased: frameIndex not found (4416); ignored
08-14 21:33:13.806 30963 31065 D PipelineWatcher: onInputBufferReleased: frameIndex not found (4417); ignored
08-14 21:33:13.836 30963 31065 D PipelineWatcher: onInputBufferReleased: frameIndex not found (4418); ignored
08-14 21:33:13.869 30963 31065 D PipelineWatcher: onInputBufferReleased: frameIndex not found (4419); ignored
08-14 21:33:13.898 30963 31065 D PipelineWatcher: onInputBufferReleased: frameIndex not found (4420); ignored
08-14 21:33:13.934 30963 31065 D PipelineWatcher: onInputBufferReleased: frameIndex not found (4421); ignored
08-14 21:33:13.973 30963 31065 D PipelineWatcher: onInputBufferReleased: frameIndex not found (4422); ignored
08-14 21:33:14.001 30963 31065 D PipelineWatcher: onInputBufferReleased: frameIndex not found (4423); ignored
08-14 21:33:14.040 30963 31065 D PipelineWatcher: onInputBufferReleased: frameIndex not found (4424); ignored
08-14 21:33:14.073 30963 31065 D PipelineWatcher: onInputBufferReleased: frameIndex not found (4425); ignored
08-14 21:33:14.105 30963 31065 D PipelineWatcher: onInputBufferReleased: frameIndex not found (4426); ignored
08-14 21:33:14.138 30963 31065 D PipelineWatcher: onInputBufferReleased: frameIndex not found (4427); ignored
08-14 21:33:14.168 30963 31065 D PipelineWatcher: onInputBufferReleased: frameIndex not found (4428); ignored
08-14 21:33:14.239 30963 31065 D PipelineWatcher: onInputBufferReleased: frameIndex not found (4430); ignored
08-14 21:33:14.274 30963 31065 D PipelineWatcher: onInputBufferReleased: frameIndex not found (4431); ignored
08-14 21:33:14.338 30963 31065 D PipelineWatcher: onInputBufferReleased: frameIndex not found (4433); ignored
08-14 21:33:14.371 30963 31065 D PipelineWatcher: onInputBufferReleased: frameIndex not found (4434); ignored
08-14 21:33:14.413 30963 30963 I View    : RoundedCornerOffset Pair{0 0}
08-14 21:33:14.440 30963 31065 D PipelineWatcher: onInputBufferReleased: frameIndex not found (4436); ignored
08-14 21:33:14.469 30963 31065 D PipelineWatcher: onInputBufferReleased: frameIndex not found (4437); ignored
08-14 21:33:14.504 30963 31065 D PipelineWatcher: onInputBufferReleased: frameIndex not found (4438); ignored
08-14 21:33:14.536 30963 31065 D PipelineWatcher: onInputBufferReleased: frameIndex not found (4439); ignored
08-14 21:33:14.573 30963 31065 D PipelineWatcher: onInputBufferReleased: frameIndex not found (4440); ignored
08-14 21:33:14.599 30963 31065 D PipelineWatcher: onInputBufferReleased: frameIndex not found (4441); ignored
08-14 21:33:14.664 30963 31065 D PipelineWatcher: onInputBufferReleased: frameIndex not found (4443); ignored
08-14 21:33:14.698 30963 31065 D PipelineWatcher: onInputBufferReleased: frameIndex not found (4444); ignored
08-14 21:33:14.730 30963 31065 D PipelineWatcher: onInputBufferReleased: frameIndex not found (4445); ignored
08-14 21:33:14.830 30963 31065 D PipelineWatcher: onInputBufferReleased: frameIndex not found (4448); ignored
08-14 21:33:14.865 30963 31065 D PipelineWatcher: onInputBufferReleased: frameIndex not found (4449); ignored
08-14 21:33:14.896 30963 31065 D PipelineWatcher: onInputBufferReleased: frameIndex not found (4450); ignored
08-14 21:33:14.936 30963 31065 D PipelineWatcher: onInputBufferReleased: frameIndex not found (4451); ignored
08-14 21:33:15.001 30963 31065 D PipelineWatcher: onInputBufferReleased: frameIndex not found (4453); ignored
08-14 21:33:15.040 30963 31065 D PipelineWatcher: onInputBufferReleased: frameIndex not found (4454); ignored
08-14 21:33:15.069 30963 31065 D PipelineWatcher: onInputBufferReleased: frameIndex not found (4455); ignored
08-14 21:33:15.104 30963 31065 D PipelineWatcher: onInputBufferReleased: frameIndex not found (4456); ignored
08-14 21:33:15.136 30963 31065 D PipelineWatcher: onInputBufferReleased: frameIndex not found (4457); ignored
08-14 21:33:15.168 30963 30963 I View    : RoundedCornerOffset Pair{0 0}
08-14 21:33:15.171 30963 31065 D PipelineWatcher: onInputBufferReleased: frameIndex not found (4458); ignored
08-14 21:33:15.199 30963 31065 D PipelineWatcher: onInputBufferReleased: frameIndex not found (4459); ignored
08-14 21:33:15.263 30963 31065 D PipelineWatcher: onInputBufferReleased: frameIndex not found (4461); ignored
08-14 21:33:15.305 30963 31065 D PipelineWatcher: onInputBufferReleased: frameIndex not found (4462); ignored
08-14 21:33:15.344 30963 31065 D PipelineWatcher: onInputBufferReleased: frameIndex not found (4463); ignored
08-14 21:33:15.407 30963 31065 D PipelineWatcher: onInputBufferReleased: frameIndex not found (4465); ignored
08-14 21:33:15.413 30963 30963 I View    : RoundedCornerOffset Pair{0 0}
08-14 21:33:15.435 30963 31065 D PipelineWatcher: onInputBufferReleased: frameIndex not found (4466); ignored
08-14 21:33:15.468 30963 31065 D PipelineWatcher: onInputBufferReleased: frameIndex not found (4467); ignored
08-14 21:33:15.507 30963 31065 D PipelineWatcher: onInputBufferReleased: frameIndex not found (4468); ignored
08-14 21:33:15.538 30963 31065 D PipelineWatcher: onInputBufferReleased: frameIndex not found (4469); ignored
08-14 21:33:15.576 30963 31065 D PipelineWatcher: onInputBufferReleased: frameIndex not found (4470); ignored
08-14 21:33:15.611 30963 31065 D PipelineWatcher: onInputBufferReleased: frameIndex not found (4471); ignored
08-14 21:33:15.642 30963 31065 D PipelineWatcher: onInputBufferReleased: frameIndex not found (4472); ignored
08-14 21:33:15.675 30963 31065 D PipelineWatcher: onInputBufferReleased: frameIndex not found (4473); ignored
08-14 21:33:15.707 30963 31065 D PipelineWatcher: onInputBufferReleased: frameIndex not found (4474); ignored
08-14 21:33:15.740 30963 31065 D PipelineWatcher: onInputBufferReleased: frameIndex not found (4475); ignored
08-14 21:33:15.780 30963 31065 D PipelineWatcher: onInputBufferReleased: frameIndex not found (4476); ignored
08-14 21:33:15.805 30963 31065 D PipelineWatcher: onInputBufferReleased: frameIndex not found (4477); ignored
08-14 21:33:15.841 30963 31065 D PipelineWatcher: onInputBufferReleased: frameIndex not found (4478); ignored
08-14 21:33:15.876 30963 31065 D PipelineWatcher: onInputBufferReleased: frameIndex not found (4479); ignored
08-14 21:33:15.909 30963 31065 D PipelineWatcher: onInputBufferReleased: frameIndex not found (4480); ignored
08-14 21:33:15.939 30963 31065 D PipelineWatcher: onInputBufferReleased: frameIndex not found (4481); ignored
08-14 21:33:15.970 30963 31065 D PipelineWatcher: onInputBufferReleased: frameIndex not found (4482); ignored
08-14 21:33:16.004 30963 31065 D PipelineWatcher: onInputBufferReleased: frameIndex not found (4483); ignored
08-14 21:33:16.038 30963 31065 D PipelineWatcher: onInputBufferReleased: frameIndex not found (4484); ignored
08-14 21:33:16.072 30963 31065 D PipelineWatcher: onInputBufferReleased: frameIndex not found (4485); ignored
08-14 21:33:16.106 30963 31065 D PipelineWatcher: onInputBufferReleased: frameIndex not found (4486); ignored
08-14 21:33:16.135 30963 31065 D PipelineWatcher: onInputBufferReleased: frameIndex not found (4487); ignored
08-14 21:33:16.207 30963 31065 D PipelineWatcher: onInputBufferReleased: frameIndex not found (4489); ignored
08-14 21:33:16.246 30963 31065 D PipelineWatcher: onInputBufferReleased: frameIndex not found (4490); ignored
08-14 21:33:16.276 30963 31065 D PipelineWatcher: onInputBufferReleased: frameIndex not found (4491); ignored
08-14 21:33:16.311 30963 31065 D PipelineWatcher: onInputBufferReleased: frameIndex not found (4492); ignored
08-14 21:33:16.340 30963 31065 D PipelineWatcher: onInputBufferReleased: frameIndex not found (4493); ignored
08-14 21:33:16.375 30963 31065 D PipelineWatcher: onInputBufferReleased: frameIndex not found (4494); ignored
08-14 21:33:16.404 30963 30963 I View    : RoundedCornerOffset Pair{0 0}
08-14 21:33:16.437 30963 31065 D PipelineWatcher: onInputBufferReleased: frameIndex not found (4496); ignored
08-14 21:33:16.474 30963 31065 D PipelineWatcher: onInputBufferReleased: frameIndex not found (4497); ignored
08-14 21:33:16.540 30963 31065 D PipelineWatcher: onInputBufferReleased: frameIndex not found (4499); ignored
08-14 21:33:16.574 30963 31065 D PipelineWatcher: onInputBufferReleased: frameIndex not found (4500); ignored
08-14 21:33:16.609 30963 31065 D PipelineWatcher: onInputBufferReleased: frameIndex not found (4501); ignored
08-14 21:33:16.644 30963 31065 D PipelineWatcher: onInputBufferReleased: frameIndex not found (4502); ignored
08-14 21:33:16.676 30963 31065 D PipelineWatcher: onInputBufferReleased: frameIndex not found (4503); ignored
08-14 21:33:16.714 30963 31065 D PipelineWatcher: onInputBufferReleased: frameIndex not found (4504); ignored
08-14 21:33:16.745 30963 31065 D PipelineWatcher: onInputBufferReleased: frameIndex not found (4505); ignored
08-14 21:33:16.807 30963 31065 D PipelineWatcher: onInputBufferReleased: frameIndex not found (4507); ignored
08-14 21:33:16.845 30963 31065 D PipelineWatcher: onInputBufferReleased: frameIndex not found (4508); ignored
08-14 21:33:16.876 30963 31065 D PipelineWatcher: onInputBufferReleased: frameIndex not found (4509); ignored
08-14 21:33:16.911 30963 31065 D PipelineWatcher: onInputBufferReleased: frameIndex not found (4510); ignored
08-14 21:33:16.947 30963 31065 D PipelineWatcher: onInputBufferReleased: frameIndex not found (4511); ignored
08-14 21:33:16.981 30963 31065 D PipelineWatcher: onInputBufferReleased: frameIndex not found (4512); ignored
08-14 21:33:17.009 30963 31065 D PipelineWatcher: onInputBufferReleased: frameIndex not found (4513); ignored
08-14 21:33:17.043 30963 31065 D PipelineWatcher: onInputBufferReleased: frameIndex not found (4514); ignored
08-14 21:33:17.081 30963 31065 D PipelineWatcher: onInputBufferReleased: frameIndex not found (4515); ignored
08-14 21:33:17.108 30963 31065 D PipelineWatcher: onInputBufferReleased: frameIndex not found (4516); ignored
08-14 21:33:17.146 30963 31065 D PipelineWatcher: onInputBufferReleased: frameIndex not found (4517); ignored
08-14 21:33:17.168 30963 30963 I View    : RoundedCornerOffset Pair{0 0}
08-14 21:33:17.174 30963 31065 D PipelineWatcher: onInputBufferReleased: frameIndex not found (4518); ignored
08-14 21:33:17.207 30963 31065 D PipelineWatcher: onInputBufferReleased: frameIndex not found (4519); ignored
08-14 21:33:17.255 30963 31065 D PipelineWatcher: onInputBufferReleased: frameIndex not found (4520); ignored
08-14 21:33:17.283 30963 31065 D PipelineWatcher: onInputBufferReleased: frameIndex not found (4521); ignored
08-14 21:33:17.314 30963 31065 D PipelineWatcher: onInputBufferReleased: frameIndex not found (4522); ignored
08-14 21:33:17.346 30963 31065 D PipelineWatcher: onInputBufferReleased: frameIndex not found (4523); ignored
08-14 21:33:17.382 30963 31065 D PipelineWatcher: onInputBufferReleased: frameIndex not found (4524); ignored
08-14 21:33:17.403 30963 30963 I View    : RoundedCornerOffset Pair{0 0}
08-14 21:33:17.409 30963 31065 D PipelineWatcher: onInputBufferReleased: frameIndex not found (4525); ignored
08-14 21:33:17.441 30963 31065 D PipelineWatcher: onInputBufferReleased: frameIndex not found (4526); ignored
08-14 21:33:17.475 30963 31065 D PipelineWatcher: onInputBufferReleased: frameIndex not found (4527); ignored
08-14 21:33:17.520 30963 31065 D PipelineWatcher: onInputBufferReleased: frameIndex not found (4528); ignored
08-14 21:33:17.544 30963 31065 D PipelineWatcher: onInputBufferReleased: frameIndex not found (4529); ignored
08-14 21:33:17.548 30963 31065 D BufferPoolAccessor2.0: bufferpool2 0x6ef9cfbf08 : 5(35520 size) total buffers - 4(28416 size) used buffers - 6549/6554 (recycle/alloc) - 26/13100 (fetch/transfer)
08-14 21:33:17.578 30963 31065 D PipelineWatcher: onInputBufferReleased: frameIndex not found (4530); ignored
08-14 21:33:17.639 30963 31065 D PipelineWatcher: onInputBufferReleased: frameIndex not found (4532); ignored
08-14 21:33:17.669 30963 31065 D PipelineWatcher: onInputBufferReleased: frameIndex not found (4533); ignored
08-14 21:33:17.705 30963 31065 D PipelineWatcher: onInputBufferReleased: frameIndex not found (4534); ignored
08-14 21:33:17.738 30963 31065 D PipelineWatcher: onInputBufferReleased: frameIndex not found (4535); ignored
08-14 21:33:17.774 30963 31065 D PipelineWatcher: onInputBufferReleased: frameIndex not found (4536); ignored
08-14 21:33:17.809 30963 31065 D PipelineWatcher: onInputBufferReleased: frameIndex not found (4537); ignored
08-14 21:33:17.848 30963 31065 D PipelineWatcher: onInputBufferReleased: frameIndex not found (4538); ignored
08-14 21:33:17.880 30963 31065 D PipelineWatcher: onInputBufferReleased: frameIndex not found (4539); ignored
08-14 21:33:17.915 30963 31065 D PipelineWatcher: onInputBufferReleased: frameIndex not found (4540); ignored
08-14 21:33:17.946 30963 31065 D PipelineWatcher: onInputBufferReleased: frameIndex not found (4541); ignored
08-14 21:33:17.977 30963 31065 D PipelineWatcher: onInputBufferReleased: frameIndex not found (4542); ignored
08-14 21:33:18.010 30963 31065 D PipelineWatcher: onInputBufferReleased: frameIndex not found (4543); ignored
08-14 21:33:18.042 30963 31065 D PipelineWatcher: onInputBufferReleased: frameIndex not found (4544); ignored
08-14 21:33:18.081 30963 31065 D PipelineWatcher: onInputBufferReleased: frameIndex not found (4545); ignored
08-14 21:33:18.111 30963 31065 D PipelineWatcher: onInputBufferReleased: frameIndex not found (4546); ignored
08-14 21:33:18.144 30963 31065 D PipelineWatcher: onInputBufferReleased: frameIndex not found (4547); ignored
08-14 21:33:18.176 30963 31065 D PipelineWatcher: onInputBufferReleased: frameIndex not found (4548); ignored
08-14 21:33:18.211 30963 31065 D PipelineWatcher: onInputBufferReleased: frameIndex not found (4549); ignored
08-14 21:33:18.243 30963 31065 D PipelineWatcher: onInputBufferReleased: frameIndex not found (4550); ignored
08-14 21:33:18.279 30963 31065 D PipelineWatcher: onInputBufferReleased: frameIndex not found (4551); ignored
08-14 21:33:18.317 30963 31065 D PipelineWatcher: onInputBufferReleased: frameIndex not found (4552); ignored
08-14 21:33:18.344 30963 31065 D PipelineWatcher: onInputBufferReleased: frameIndex not found (4553); ignored
08-14 21:33:18.380 30963 31065 D PipelineWatcher: onInputBufferReleased: frameIndex not found (4554); ignored
08-14 21:33:18.404 30963 30963 I View    : RoundedCornerOffset Pair{0 0}
08-14 21:33:18.412 30963 31065 D PipelineWatcher: onInputBufferReleased: frameIndex not found (4555); ignored
08-14 21:33:18.443 30963 31065 D PipelineWatcher: onInputBufferReleased: frameIndex not found (4556); ignored
08-14 21:33:18.476 30963 31065 D PipelineWatcher: onInputBufferReleased: frameIndex not found (4557); ignored
08-14 21:33:18.513 30963 31065 D PipelineWatcher: onInputBufferReleased: frameIndex not found (4558); ignored
08-14 21:33:18.543 30963 31065 D PipelineWatcher: onInputBufferReleased: frameIndex not found (4559); ignored
08-14 21:33:18.577 30963 31065 D PipelineWatcher: onInputBufferReleased: frameIndex not found (4560); ignored
08-14 21:33:18.615 30963 31065 D PipelineWatcher: onInputBufferReleased: frameIndex not found (4561); ignored
08-14 21:33:18.644 30963 31065 D PipelineWatcher: onInputBufferReleased: frameIndex not found (4562); ignored
08-14 21:33:18.678 30963 31065 D PipelineWatcher: onInputBufferReleased: frameIndex not found (4563); ignored
08-14 21:33:18.708 30963 31065 D PipelineWatcher: onInputBufferReleased: frameIndex not found (4564); ignored
08-14 21:33:18.744 30963 31065 D PipelineWatcher: onInputBufferReleased: frameIndex not found (4565); ignored
08-14 21:33:18.781 30963 31065 D PipelineWatcher: onInputBufferReleased: frameIndex not found (4566); ignored
08-14 21:33:18.820 30963 31065 D PipelineWatcher: onInputBufferReleased: frameIndex not found (4567); ignored
08-14 21:33:18.848 30963 31065 D PipelineWatcher: onInputBufferReleased: frameIndex not found (4568); ignored
08-14 21:33:18.880 30963 31065 D PipelineWatcher: onInputBufferReleased: frameIndex not found (4569); ignored
08-14 21:33:18.917 30963 31065 D PipelineWatcher: onInputBufferReleased: frameIndex not found (4570); ignored
08-14 21:33:18.945 30963 31065 D PipelineWatcher: onInputBufferReleased: frameIndex not found (4571); ignored
08-14 21:33:18.983 30963 31065 D PipelineWatcher: onInputBufferReleased: frameIndex not found (4572); ignored
08-14 21:33:19.007 30963 31065 D PipelineWatcher: onInputBufferReleased: frameIndex not found (4573); ignored
08-14 21:33:19.045 30963 31065 D PipelineWatcher: onInputBufferReleased: frameIndex not found (4574); ignored
08-14 21:33:19.076 30963 31065 D PipelineWatcher: onInputBufferReleased: frameIndex not found (4575); ignored
08-14 21:33:19.151 30963 31065 D PipelineWatcher: onInputBufferReleased: frameIndex not found (4577); ignored
08-14 21:33:19.179 30963 31065 D PipelineWatcher: onInputBufferReleased: frameIndex not found (4578); ignored
08-14 21:33:19.184 30963 30963 I View    : RoundedCornerOffset Pair{0 0}
08-14 21:33:19.213 30963 31065 D PipelineWatcher: onInputBufferReleased: frameIndex not found (4579); ignored
08-14 21:33:19.246 30963 31065 D PipelineWatcher: onInputBufferReleased: frameIndex not found (4580); ignored
08-14 21:33:19.289 30963 31065 D PipelineWatcher: onInputBufferReleased: frameIndex not found (4581); ignored
08-14 21:33:19.318 30963 31065 D PipelineWatcher: onInputBufferReleased: frameIndex not found (4582); ignored
08-14 21:33:19.351 30963 31065 D PipelineWatcher: onInputBufferReleased: frameIndex not found (4583); ignored
08-14 21:33:19.381 30963 31065 D PipelineWatcher: onInputBufferReleased: frameIndex not found (4584); ignored
08-14 21:33:19.418 30963 31065 D PipelineWatcher: onInputBufferReleased: frameIndex not found (4585); ignored
08-14 21:33:19.423 30963 30963 I View    : RoundedCornerOffset Pair{0 0}
08-14 21:33:19.483 30963 31065 D PipelineWatcher: onInputBufferReleased: frameIndex not found (4587); ignored
08-14 21:33:19.516 30963 31065 D PipelineWatcher: onInputBufferReleased: frameIndex not found (4588); ignored
08-14 21:33:19.550 30963 31065 D PipelineWatcher: onInputBufferReleased: frameIndex not found (4589); ignored
08-14 21:33:19.586 30963 31065 D PipelineWatcher: onInputBufferReleased: frameIndex not found (4590); ignored
08-14 21:33:19.615 30963 31065 D PipelineWatcher: onInputBufferReleased: frameIndex not found (4591); ignored
08-14 21:33:19.648 30963 31065 D PipelineWatcher: onInputBufferReleased: frameIndex not found (4592); ignored
08-14 21:33:19.681 30963 31065 D PipelineWatcher: onInputBufferReleased: frameIndex not found (4593); ignored
08-14 21:33:19.711 30963 31065 D PipelineWatcher: onInputBufferReleased: frameIndex not found (4594); ignored
08-14 21:33:19.748 30963 31065 D PipelineWatcher: onInputBufferReleased: frameIndex not found (4595); ignored
08-14 21:33:19.778 30963 31065 D PipelineWatcher: onInputBufferReleased: frameIndex not found (4596); ignored
08-14 21:33:19.814 30963 31065 D PipelineWatcher: onInputBufferReleased: frameIndex not found (4597); ignored
08-14 21:33:19.849 30963 31065 D PipelineWatcher: onInputBufferReleased: frameIndex not found (4598); ignored
08-14 21:33:19.886 30963 31065 D PipelineWatcher: onInputBufferReleased: frameIndex not found (4599); ignored
08-14 21:33:19.917 30963 31065 D PipelineWatcher: onInputBufferReleased: frameIndex not found (4600); ignored
08-14 21:33:19.948 30963 31065 D PipelineWatcher: onInputBufferReleased: frameIndex not found (4601); ignored
08-14 21:33:19.982 30963 31065 D PipelineWatcher: onInputBufferReleased: frameIndex not found (4602); ignored
08-14 21:33:20.015 30963 31065 D PipelineWatcher: onInputBufferReleased: frameIndex not found (4603); ignored
08-14 21:33:20.051 30963 31065 D PipelineWatcher: onInputBufferReleased: frameIndex not found (4604); ignored
08-14 21:33:20.080 30963 31065 D PipelineWatcher: onInputBufferReleased: frameIndex not found (4605); ignored
08-14 21:33:20.113 30963 31065 D PipelineWatcher: onInputBufferReleased: frameIndex not found (4606); ignored
08-14 21:33:20.147 30963 31065 D PipelineWatcher: onInputBufferReleased: frameIndex not found (4607); ignored
08-14 21:33:20.189 30963 31065 D PipelineWatcher: onInputBufferReleased: frameIndex not found (4608); ignored
08-14 21:33:20.217 30963 31065 D PipelineWatcher: onInputBufferReleased: frameIndex not found (4609); ignored
08-14 21:33:20.251 30963 31065 D PipelineWatcher: onInputBufferReleased: frameIndex not found (4610); ignored
08-14 21:33:20.287 30963 31065 D PipelineWatcher: onInputBufferReleased: frameIndex not found (4611); ignored
08-14 21:33:20.318 30963 31065 D PipelineWatcher: onInputBufferReleased: frameIndex not found (4612); ignored
08-14 21:33:20.354 30963 31065 D PipelineWatcher: onInputBufferReleased: frameIndex not found (4613); ignored
08-14 21:33:20.384 30963 31065 D PipelineWatcher: onInputBufferReleased: frameIndex not found (4614); ignored
08-14 21:33:20.403 30963 30963 I View    : RoundedCornerOffset Pair{0 0}
08-14 21:33:20.421 30963 31065 D PipelineWatcher: onInputBufferReleased: frameIndex not found (4615); ignored
08-14 21:33:20.447 30963 31065 D PipelineWatcher: onInputBufferReleased: frameIndex not found (4616); ignored
08-14 21:33:20.481 30963 31065 D PipelineWatcher: onInputBufferReleased: frameIndex not found (4617); ignored
08-14 21:33:20.519 30963 31065 D PipelineWatcher: onInputBufferReleased: frameIndex not found (4618); ignored
08-14 21:33:20.551 30963 31065 D PipelineWatcher: onInputBufferReleased: frameIndex not found (4619); ignored
08-14 21:33:20.584 30963 31065 D PipelineWatcher: onInputBufferReleased: frameIndex not found (4620); ignored
08-14 21:33:20.614 30963 31065 D PipelineWatcher: onInputBufferReleased: frameIndex not found (4621); ignored
08-14 21:33:20.648 30963 31065 D PipelineWatcher: onInputBufferReleased: frameIndex not found (4622); ignored
08-14 21:33:20.679 30963 31065 D PipelineWatcher: onInputBufferReleased: frameIndex not found (4623); ignored
08-14 21:33:20.710 30963 31065 D PipelineWatcher: onInputBufferReleased: frameIndex not found (4624); ignored
08-14 21:33:20.746 30963 31065 D PipelineWatcher: onInputBufferReleased: frameIndex not found (4625); ignored
08-14 21:33:20.781 30963 31065 D PipelineWatcher: onInputBufferReleased: frameIndex not found (4626); ignored
08-14 21:33:20.849 30963 31065 D PipelineWatcher: onInputBufferReleased: frameIndex not found (4628); ignored
08-14 21:33:20.891 30963 31065 D PipelineWatcher: onInputBufferReleased: frameIndex not found (4629); ignored
08-14 21:33:20.919 30963 31065 D PipelineWatcher: onInputBufferReleased: frameIndex not found (4630); ignored
08-14 21:33:20.951 30963 31065 D PipelineWatcher: onInputBufferReleased: frameIndex not found (4631); ignored
08-14 21:33:20.984 30963 31065 D PipelineWatcher: onInputBufferReleased: frameIndex not found (4632); ignored
08-14 21:33:21.011 30963 31484 I com.newrelic.android: Connecting, saved state is not available: DataToken{accountId=0, agentId=0}
08-14 21:33:21.022 30963 31065 D PipelineWatcher: onInputBufferReleased: frameIndex not found (4633); ignored
08-14 21:33:21.049 30963 31065 D PipelineWatcher: onInputBufferReleased: frameIndex not found (4634); ignored
08-14 21:33:21.086 30963 31065 D PipelineWatcher: onInputBufferReleased: frameIndex not found (4635); ignored
08-14 21:33:21.123 30963 31065 D PipelineWatcher: onInputBufferReleased: frameIndex not found (4636); ignored
08-14 21:33:21.153 30963 30963 I View    : RoundedCornerOffset Pair{0 0}
08-14 21:33:21.154 30963 31484 E com.newrelic.android: Failed to retrieve collector response: Failed to connect to mobile-collector.newrelic.com/[::]:443
08-14 21:33:21.154 30963 31484 E com.newrelic.android: HarvestConnection: Attempting to convert network exception java.net.ConnectException to error code.
08-14 21:33:21.154 30963 31484 E com.newrelic.android: An unknown error occurred when connecting to the Collector.
08-14 21:33:21.161 30963 31065 D PipelineWatcher: onInputBufferReleased: frameIndex not found (4637); ignored
08-14 21:33:21.187 30963 31065 D PipelineWatcher: onInputBufferReleased: frameIndex not found (4638); ignored
08-14 21:33:21.222 30963 31065 D PipelineWatcher: onInputBufferReleased: frameIndex not found (4639); ignored
08-14 21:33:21.253 30963 31065 D PipelineWatcher: onInputBufferReleased: frameIndex not found (4640); ignored
08-14 21:33:21.284 30963 31065 D PipelineWatcher: onInputBufferReleased: frameIndex not found (4641); ignored
08-14 21:33:21.360 30963 31065 D PipelineWatcher: onInputBufferReleased: frameIndex not found (4643); ignored
08-14 21:33:21.392 30963 31065 D PipelineWatcher: onInputBufferReleased: frameIndex not found (4644); ignored
08-14 21:33:21.420 30963 30963 I View    : RoundedCornerOffset Pair{0 0}
08-14 21:33:21.424 30963 31065 D PipelineWatcher: onInputBufferReleased: frameIndex not found (4645); ignored
08-14 21:33:21.455 30963 31065 D PipelineWatcher: onInputBufferReleased: frameIndex not found (4646); ignored
08-14 21:33:21.487 30963 31065 D PipelineWatcher: onInputBufferReleased: frameIndex not found (4647); ignored
08-14 21:33:21.520 30963 31065 D PipelineWatcher: onInputBufferReleased: frameIndex not found (4648); ignored
08-14 21:33:21.554 30963 31065 D PipelineWatcher: onInputBufferReleased: frameIndex not found (4649); ignored
08-14 21:33:21.588 30963 31065 D PipelineWatcher: onInputBufferReleased: frameIndex not found (4650); ignored
08-14 21:33:21.619 30963 31065 D PipelineWatcher: onInputBufferReleased: frameIndex not found (4651); ignored
08-14 21:33:21.654 30963 31065 D PipelineWatcher: onInputBufferReleased: frameIndex not found (4652); ignored
08-14 21:33:21.684 30963 31065 D PipelineWatcher: onInputBufferReleased: frameIndex not found (4653); ignored
08-14 21:33:21.720 30963 31065 D PipelineWatcher: onInputBufferReleased: frameIndex not found (4654); ignored
08-14 21:33:21.751 30963 31065 D PipelineWatcher: onInputBufferReleased: frameIndex not found (4655); ignored
08-14 21:33:21.789 30963 31065 D PipelineWatcher: onInputBufferReleased: frameIndex not found (4656); ignored
08-14 21:33:21.818 30963 31065 D PipelineWatcher: onInputBufferReleased: frameIndex not found (4657); ignored
08-14 21:33:21.851 30963 31065 D PipelineWatcher: onInputBufferReleased: frameIndex not found (4658); ignored
08-14 21:33:21.895 30963 31065 D PipelineWatcher: onInputBufferReleased: frameIndex not found (4659); ignored
08-14 21:33:21.924 30963 31065 D PipelineWatcher: onInputBufferReleased: frameIndex not found (4660); ignored
08-14 21:33:21.962 30963 31065 D PipelineWatcher: onInputBufferReleased: frameIndex not found (4661); ignored
08-14 21:33:21.995 30963 31065 D PipelineWatcher: onInputBufferReleased: frameIndex not found (4662); ignored
08-14 21:33:22.029 30963 31065 D PipelineWatcher: onInputBufferReleased: frameIndex not found (4663); ignored
08-14 21:33:22.059 30963 31065 D PipelineWatcher: onInputBufferReleased: frameIndex not found (4664); ignored
08-14 21:33:22.088 30963 31065 D PipelineWatcher: onInputBufferReleased: frameIndex not found (4665); ignored
08-14 21:33:22.122 30963 31065 D PipelineWatcher: onInputBufferReleased: frameIndex not found (4666); ignored
08-14 21:33:22.163 30963 31065 D PipelineWatcher: onInputBufferReleased: frameIndex not found (4667); ignored
08-14 21:33:22.197 30963 31065 D PipelineWatcher: onInputBufferReleased: frameIndex not found (4668); ignored
08-14 21:33:22.230 30963 31065 D PipelineWatcher: onInputBufferReleased: frameIndex not found (4669); ignored
08-14 21:33:22.263 30963 31065 D PipelineWatcher: onInputBufferReleased: frameIndex not found (4670); ignored
08-14 21:33:22.296 30963 31065 D PipelineWatcher: onInputBufferReleased: frameIndex not found (4671); ignored
08-14 21:33:22.320 30963 31065 D PipelineWatcher: onInputBufferReleased: frameIndex not found (4672); ignored
08-14 21:33:22.353 30963 31065 D PipelineWatcher: onInputBufferReleased: frameIndex not found (4673); ignored
08-14 21:33:22.386 30963 31065 D PipelineWatcher: onInputBufferReleased: frameIndex not found (4674); ignored
08-14 21:33:22.420 30963 30963 I View    : RoundedCornerOffset Pair{0 0}
08-14 21:33:22.426 30963 31065 D PipelineWatcher: onInputBufferReleased: frameIndex not found (4675); ignored
08-14 21:33:22.522 30963 31065 D PipelineWatcher: onInputBufferReleased: frameIndex not found (4678); ignored
08-14 21:33:22.555 30963 31065 D PipelineWatcher: onInputBufferReleased: frameIndex not found (4679); ignored
08-14 21:33:22.590 30963 31065 D PipelineWatcher: onInputBufferReleased: frameIndex not found (4680); ignored
08-14 21:33:22.622 30963 31065 D PipelineWatcher: onInputBufferReleased: frameIndex not found (4681); ignored
08-14 21:33:22.657 30963 31065 D PipelineWatcher: onInputBufferReleased: frameIndex not found (4682); ignored
08-14 21:33:22.658 30963 31061 D BufferPoolAccessor2.0: bufferpool2 0x6ef9cfbf08 : 5(35520 size) total buffers - 4(28416 size) used buffers - 6769/6774 (recycle/alloc) - 26/13539 (fetch/transfer)
08-14 21:33:22.684 30963 31065 D PipelineWatcher: onInputBufferReleased: frameIndex not found (4683); ignored
08-14 21:33:22.733 30963 31065 D PipelineWatcher: onInputBufferReleased: frameIndex not found (4684); ignored
08-14 21:33:22.763 30963 31065 D PipelineWatcher: onInputBufferReleased: frameIndex not found (4685); ignored
08-14 21:33:22.794 30963 31065 D PipelineWatcher: onInputBufferReleased: frameIndex not found (4686); ignored
08-14 21:33:22.827 30963 31065 D PipelineWatcher: onInputBufferReleased: frameIndex not found (4687); ignored
08-14 21:33:22.858 30963 31065 D PipelineWatcher: onInputBufferReleased: frameIndex not found (4688); ignored
08-14 21:33:22.890 30963 31065 D PipelineWatcher: onInputBufferReleased: frameIndex not found (4689); ignored
08-14 21:33:22.924 30963 31065 D PipelineWatcher: onInputBufferReleased: frameIndex not found (4690); ignored
08-14 21:33:22.963 30963 31065 D PipelineWatcher: onInputBufferReleased: frameIndex not found (4691); ignored
08-14 21:33:22.995 30963 31065 D PipelineWatcher: onInputBufferReleased: frameIndex not found (4692); ignored
08-14 21:33:23.026 30963 31065 D PipelineWatcher: onInputBufferReleased: frameIndex not found (4693); ignored
08-14 21:33:23.057 30963 31065 D PipelineWatcher: onInputBufferReleased: frameIndex not found (4694); ignored
08-14 21:33:23.091 30963 31065 D PipelineWatcher: onInputBufferReleased: frameIndex not found (4695); ignored
08-14 21:33:23.124 30963 31065 D PipelineWatcher: onInputBufferReleased: frameIndex not found (4696); ignored
08-14 21:33:23.158 30963 31065 D PipelineWatcher: onInputBufferReleased: frameIndex not found (4697); ignored
08-14 21:33:23.183 30963 30963 I View    : RoundedCornerOffset Pair{0 0}
08-14 21:33:23.193 30963 31065 D PipelineWatcher: onInputBufferReleased: frameIndex not found (4698); ignored
08-14 21:33:23.228 30963 31065 D PipelineWatcher: onInputBufferReleased: frameIndex not found (4699); ignored
08-14 21:33:23.261 30963 31065 D PipelineWatcher: onInputBufferReleased: frameIndex not found (4700); ignored
08-14 21:33:23.292 30963 31065 D PipelineWatcher: onInputBufferReleased: frameIndex not found (4701); ignored
08-14 21:33:23.325 30963 31065 D PipelineWatcher: onInputBufferReleased: frameIndex not found (4702); ignored
08-14 21:33:23.356 30963 31065 D PipelineWatcher: onInputBufferReleased: frameIndex not found (4703); ignored
08-14 21:33:23.419 30963 30963 I View    : RoundedCornerOffset Pair{0 0}
08-14 21:33:23.425 30963 31065 D PipelineWatcher: onInputBufferReleased: frameIndex not found (4705); ignored
08-14 21:33:23.455 30963 31065 D PipelineWatcher: onInputBufferReleased: frameIndex not found (4706); ignored
08-14 21:33:23.489 30963 31065 D PipelineWatcher: onInputBufferReleased: frameIndex not found (4707); ignored
08-14 21:33:23.524 30963 31065 D PipelineWatcher: onInputBufferReleased: frameIndex not found (4708); ignored
08-14 21:33:23.557 30963 31065 D PipelineWatcher: onInputBufferReleased: frameIndex not found (4709); ignored
08-14 21:33:23.591 30963 31065 D PipelineWatcher: onInputBufferReleased: frameIndex not found (4710); ignored
08-14 21:33:23.621 30963 31065 D PipelineWatcher: onInputBufferReleased: frameIndex not found (4711); ignored
08-14 21:33:23.688 30963 31065 D PipelineWatcher: onInputBufferReleased: frameIndex not found (4713); ignored
08-14 21:33:23.731 30963 31065 D PipelineWatcher: onInputBufferReleased: frameIndex not found (4714); ignored
08-14 21:33:23.764 30963 31065 D PipelineWatcher: onInputBufferReleased: frameIndex not found (4715); ignored
08-14 21:33:23.802 30963 31065 D PipelineWatcher: onInputBufferReleased: frameIndex not found (4716); ignored
08-14 21:33:23.833 30963 31065 D PipelineWatcher: onInputBufferReleased: frameIndex not found (4717); ignored
08-14 21:33:23.866 30963 31065 D PipelineWatcher: onInputBufferReleased: frameIndex not found (4718); ignored
08-14 21:33:23.895 30963 31065 D PipelineWatcher: onInputBufferReleased: frameIndex not found (4719); ignored
08-14 21:33:23.931 30963 31065 D PipelineWatcher: onInputBufferReleased: frameIndex not found (4720); ignored
08-14 21:33:23.961 30963 31065 D PipelineWatcher: onInputBufferReleased: frameIndex not found (4721); ignored
08-14 21:33:23.997 30963 31065 D PipelineWatcher: onInputBufferReleased: frameIndex not found (4722); ignored
08-14 21:33:24.025 30963 31065 D PipelineWatcher: onInputBufferReleased: frameIndex not found (4723); ignored
08-14 21:33:24.059 30963 31065 D PipelineWatcher: onInputBufferReleased: frameIndex not found (4724); ignored
08-14 21:33:24.097 30963 31065 D PipelineWatcher: onInputBufferReleased: frameIndex not found (4725); ignored
08-14 21:33:24.129 30963 31065 D PipelineWatcher: onInputBufferReleased: frameIndex not found (4726); ignored
08-14 21:33:24.163 30963 31065 D PipelineWatcher: onInputBufferReleased: frameIndex not found (4727); ignored
08-14 21:33:24.195 30963 31065 D PipelineWatcher: onInputBufferReleased: frameIndex not found (4728); ignored
08-14 21:33:24.228 30963 31065 D PipelineWatcher: onInputBufferReleased: frameIndex not found (4729); ignored
08-14 21:33:24.260 30963 31065 D PipelineWatcher: onInputBufferReleased: frameIndex not found (4730); ignored
08-14 21:33:24.294 30963 31065 D PipelineWatcher: onInputBufferReleased: frameIndex not found (4731); ignored
08-14 21:33:24.329 30963 31065 D PipelineWatcher: onInputBufferReleased: frameIndex not found (4732); ignored
08-14 21:33:24.361 30963 31065 D PipelineWatcher: onInputBufferReleased: frameIndex not found (4733); ignored
08-14 21:33:24.419 30963 30963 I View    : RoundedCornerOffset Pair{0 0}
08-14 21:33:24.431 30963 31065 D PipelineWatcher: onInputBufferReleased: frameIndex not found (4735); ignored
08-14 21:33:24.460 30963 31065 D PipelineWatcher: onInputBufferReleased: frameIndex not found (4736); ignored
08-14 21:33:24.491 30963 31065 D PipelineWatcher: onInputBufferReleased: frameIndex not found (4737); ignored
08-14 21:33:24.524 30963 31065 D PipelineWatcher: onInputBufferReleased: frameIndex not found (4738); ignored
08-14 21:33:24.556 30963 31065 D PipelineWatcher: onInputBufferReleased: frameIndex not found (4739); ignored
08-14 21:33:24.595 30963 31065 D PipelineWatcher: onInputBufferReleased: frameIndex not found (4740); ignored
08-14 21:33:24.626 30963 31065 D PipelineWatcher: onInputBufferReleased: frameIndex not found (4741); ignored
08-14 21:33:24.663 30963 31065 D PipelineWatcher: onInputBufferReleased: frameIndex not found (4742); ignored
08-14 21:33:24.701 30963 31065 D PipelineWatcher: onInputBufferReleased: frameIndex not found (4743); ignored
08-14 21:33:24.734 30963 31065 D PipelineWatcher: onInputBufferReleased: frameIndex not found (4744); ignored
08-14 21:33:24.761 30963 31065 D PipelineWatcher: onInputBufferReleased: frameIndex not found (4745); ignored
08-14 21:33:24.796 30963 31065 D PipelineWatcher: onInputBufferReleased: frameIndex not found (4746); ignored
08-14 21:33:24.831 30963 31065 D PipelineWatcher: onInputBufferReleased: frameIndex not found (4747); ignored
08-14 21:33:24.864 30963 31065 D PipelineWatcher: onInputBufferReleased: frameIndex not found (4748); ignored
08-14 21:33:24.897 30963 31065 D PipelineWatcher: onInputBufferReleased: frameIndex not found (4749); ignored
08-14 21:33:24.929 30963 31065 D PipelineWatcher: onInputBufferReleased: frameIndex not found (4750); ignored
08-14 21:33:24.959 30963 31065 D PipelineWatcher: onInputBufferReleased: frameIndex not found (4751); ignored
08-14 21:33:24.995 30963 31065 D PipelineWatcher: onInputBufferReleased: frameIndex not found (4752); ignored
08-14 21:33:25.028 30963 31065 D PipelineWatcher: onInputBufferReleased: frameIndex not found (4753); ignored
08-14 21:33:25.064 30963 31065 D PipelineWatcher: onInputBufferReleased: frameIndex not found (4754); ignored
08-14 21:33:25.092 30963 31065 D PipelineWatcher: onInputBufferReleased: frameIndex not found (4755); ignored
08-14 21:33:25.137 30963 31065 D PipelineWatcher: onInputBufferReleased: frameIndex not found (4756); ignored
08-14 21:33:25.163 30963 31065 D PipelineWatcher: onInputBufferReleased: frameIndex not found (4757); ignored
08-14 21:33:25.167 30963 30963 I View    : RoundedCornerOffset Pair{0 0}
08-14 21:33:25.194 30963 31065 D PipelineWatcher: onInputBufferReleased: frameIndex not found (4758); ignored
08-14 21:33:25.230 30963 31065 D PipelineWatcher: onInputBufferReleased: frameIndex not found (4759); ignored
08-14 21:33:25.236 30963 31208 I .irlpro.android: Explicit concurrent mark compact GC freed 2199KB AllocSpace bytes, 1(20KB) LOS objects, 76% free, 7745KB/31MB, paused 368us,1.079ms total 56.261ms
08-14 21:33:25.270 30963 31065 D PipelineWatcher: onInputBufferReleased: frameIndex not found (4760); ignored
08-14 21:33:25.294 30963 31065 D PipelineWatcher: onInputBufferReleased: frameIndex not found (4761); ignored
08-14 21:33:25.325 30963 31065 D PipelineWatcher: onInputBufferReleased: frameIndex not found (4762); ignored
08-14 21:33:25.360 30963 31065 D PipelineWatcher: onInputBufferReleased: frameIndex not found (4763); ignored
